// Vitest Snapshot v1, https://vitest.dev/guide/snapshot.html

exports[`plumeria/1 vectors > is frozen for {"date":"1991-03-22","seed":"1991-03-22"} 1`] = `"7b361828139d34af"`;

exports[`plumeria/1 vectors > is frozen for {"date":"2000-01-21","seed":"2000-01-21"} 1`] = `"9b4fb706ad2014d2"`;

exports[`plumeria/1 vectors > is frozen for {"seed":"2026-06-14","bloom":true} 1`] = `"33610b5bd9584ad8"`;

exports[`plumeria/1 vectors > is frozen for {"seed":"2026-06-14","glow":true} 1`] = `"8f292ea8a0d9c797"`;

exports[`plumeria/1 vectors > is frozen for {"seed":"2026-06-14","shadow":true} 1`] = `"6e2e4501090af0cd"`;

exports[`plumeria/1 vectors > is frozen for {"seed":"2026-06-14","theme":"dark"} 1`] = `"07823d5a81ebc143"`;

exports[`plumeria/1 vectors > is frozen for {"seed":"2026-06-14"} 1`] = `"e552857bd76dfdf6"`;

exports[`plumeria/1 vectors > is frozen for {"seed":"hello"} 1`] = `"98e8d9fe0cd65064"`;
